******************************************************************************
                  TMS470 Linker PC v4.6.2                      
******************************************************************************
>> Linked Fri Jun 15 16:45:53 2012

OUTPUT FILE NAME:   <./Debug/test_led_dip.out>
ENTRY POINT SYMBOL: "_Entry"  address: 80000000


MEMORY CONFIGURATION

         name            origin    length      used     unused   attr    fill
----------------------  --------  ---------  --------  --------  ----  --------
  ONCHIP_RAM            80000000   00020000  00009a34  000165cc  RWIX


SECTION ALLOCATION MAP

 output                                  attributes/
section   page    origin      length       input sections
--------  ----  ----------  ----------   ----------------
.init      0    80000000    0000008c     
                  80000000    0000008c     evmomapl138_csl.lib : evmomapl138_init.obj (.text)

.data      0    80000000    00000000     UNINITIALIZED

.text      0    8000008c    000060a8     
                  8000008c    00001678     rts32e.lib : _printfi.obj (.text)
                  80001704    00000764                : memory.obj (.text)
                  80001e68    0000071c                : lowlev.obj (.text)
                  80002584    00000688     evmomapl138_bsl.lib : evmomapl138.obj (.text)
                  80002c0c    000005c0     rts32e.lib : trgdrv.obj (.text)
                  800031cc    00000504     test_led_dip.obj (.text)
                  800036d0    0000039c     evmomapl138_bsl.lib : evmomapl138_i2c_gpio.obj (.text)
                  80003a6c    00000344     rts32e.lib : fopen.obj (.text)
                  80003db0    0000028c                : ull_div32.obj (.text)
                  8000403c    0000027c     evmomapl138_bsl.lib : evmomapl138_i2c.obj (.text)
                  800042b8    00000270     evmomapl138_csl.lib : evmomapl138_interrupt.obj (.text)
                  80004528    00000268     evmomapl138_bsl.lib : evmomapl138_gpio.obj (.text)
                  80004790    00000214     rts32e.lib : fd_add32.obj (.text)
                  800049a4    00000198                : fputs.obj (.text)
                  80004b3c    00000190                : fd_div32.obj (.text)
                  80004ccc    00000180                : memcpy32.obj (.text)
                  80004e4c    00000168     evmomapl138_bsl.lib : evmomapl138_timer.obj (.text)
                  80004fb4    00000128     rts32e.lib : fd_mul32.obj (.text)
                  800050dc    00000128                : fflush.obj (.text)
                  80005204    00000120                : _io_perm.obj (.text)
                  80005324    00000118                : setvbuf.obj (.text)
                  8000543c    00000100                : i_div32.obj (.text)
                  8000553c    000000e0                : u_div32.obj (.text)
                  8000561c    000000d8     main_led_dip.obj (.text)
                  800056f4    000000d8     rts32e.lib : fputc.obj (.text)
                  800057cc    000000c0                : fd_cmp32.obj (.text)
                  8000588c    000000b0                : trgmsg.obj (.text)
                  8000593c    000000a8                : auto_init.obj (.text)
                  800059e4    000000a0                : memset32.obj (.text)
                  80005a84    0000009c                : exit.obj (.text)
                  80005b20    0000009c                : fclose.obj (.text)
                  80005bbc    00000088                : atoi.obj (.text)
                  80005c44    00000088                : ltoa.obj (.text)
                  80005ccc    00000084                : fseek.obj (.text)
                  80005d50    0000007c     evmomapl138_csl.lib : exceptionhandler.obj (.text)
                  80005dcc    0000006c     rts32e.lib : printf.obj (.text)
                  80005e38    0000005c                : cpy_tbl.obj (.text)
                  80005e94    0000005c                : fd_toi32.obj (.text)
                  80005ef0    00000048                : strncpy.obj (.text)
                  80005f38    00000044                : boot.obj (.text)
                  80005f7c    0000003c                : i_tofd32.obj (.text)
                  80005fb8    00000034     evmomapl138_csl.lib : evmomapl138_startup.obj (.text)
                  80005fec    0000002c     rts32e.lib : memchr.obj (.text)
                  80006018    0000002c                : strcmp.obj (.text)
                  80006044    00000028                : memccpy.obj (.text)
                  8000606c    00000028                : strchr.obj (.text)
                  80006094    00000024                : _lock.obj (.text)
                  800060b8    00000020                : args_main.obj (.text)
                  800060d8    00000020                : icall32.obj (.text)
                  800060f8    0000001c                : strcpy.obj (.text)
                  80006114    0000001c                : strlen.obj (.text)
                  80006130    00000004                : remove.obj (.text)

.bss       0    80006134    00000610     UNINITIALIZED
                  80006134    00000194     evmomapl138_csl.lib : evmomapl138_interrupt.obj (.bss:_fnRAMVectors)
                  800062c8    00000120     rts32e.lib : trgmsg.obj (.bss:__CIOBUF_)
                  800063e8    000000f0                : defs.obj (.bss:__ftable)
                  800064d8    000000c8                : trgdrv.obj (.bss:_result$1)
                  800065a0    000000a0                : defs.obj (.bss:__tmpnams)
                  80006640    00000078                : lowlev.obj (.bss:__device)
                  800066b8    00000050                : lowlev.obj (.bss:__stream)
                  80006708    0000000c                : memory.obj (.bss)
                  80006714    00000008                : _lock.obj (.bss)
                  8000671c    00000008                : exit.obj (.bss)
                  80006724    00000008                : trgdrv.obj (.bss)
                  8000672c    00000004     evmomapl138_bsl.lib : evmomapl138_i2c.obj (.bss)
                  80006730    00000004     rts32e.lib : boot.obj (.bss)
                  80006734    00000004                : defs.obj (.bss)
                  80006738    00000004                : fopen.obj (.bss)
                  8000673c    00000004                : lowlev.obj (.bss)
                  80006740    00000004                : stkdepth_vars.obj (.bss)

.const     0    80006744    000001bc     
                  80006744    00000101     rts32e.lib : ctype.obj (.const:__ctypes_)
                  80006845    00000003     --HOLE-- [fill = 0]
                  80006848    00000080     evmomapl138_bsl.lib : evmomapl138.obj (.const:_bitval_u32)
                  800068c8    00000038     evmomapl138_csl.lib : evmomapl138_startup.obj (.const:_vecTbl)

.cinit     0    80006900    00000134     
                  80006900    0000005c     rts32e.lib : defs.obj (.cinit)
                  8000695c    0000005c                : lowlev.obj (.cinit)
                  800069b8    00000024                : memory.obj (.cinit)
                  800069dc    00000018                : _lock.obj (.cinit)
                  800069f4    00000018                : exit.obj (.cinit)
                  80006a0c    0000000c                : boot.obj (.cinit)
                  80006a18    0000000c                : fopen.obj (.cinit)
                  80006a24    0000000c                : stkdepth_vars.obj (.cinit)
                  80006a30    00000004     --HOLE-- [fill = 0]

.sysmem    0    80006a34    00001000     UNINITIALIZED
                  80006a34    00000008     rts32e.lib : memory.obj (.sysmem)
                  80006a3c    00000ff8     --HOLE--

.stack     0    8001e000    00002000     UNINITIALIZED
                  8001e000    00002000     --HOLE--


GLOBAL SYMBOLS: SORTED ALPHABETICALLY BY Name 

address    name
--------   ----
80006134   .bss
80000000   .data
8000008c   .text
80005a84   C$$EXIT
800058d4   C$$IO$$
80004ccc   C_MEMCPY
8000479c   FD_ADD
800057cc   FD_CMP
80004b3c   FD_DIV
80004fb4   FD_MUL
80004790   FD_SUB
80005e94   FD_TOI
8000543c   I$DIV
8000543c   I$MOD
800060d8   IND_CALL
80005440   I_DIV
80005440   I_MOD
80005f7c   I_TOFD
8000553c   U$DIV
8000553c   U$MOD
80003db0   ULL_DIV
80003db0   ULL_MOD
80005540   U_DIV
80005540   U_MOD
80005d54   _ADDR_HIPVR1
80005db4   _AbortHandler
80005fe0   _BootAbort
800044f8   _CPUAbortHandler
80002b9c   _EVMOMAPL138_enableDsp
800029c4   _EVMOMAPL138_init
800028a8   _EVMOMAPL138_initRAM
80002894   _EVMOMAPL138_lpscForce
8000282c   _EVMOMAPL138_lpscTransition
800027e0   _EVMOMAPL138_pinmuxConfig
80000000   _Entry
80005d98   _FIQHandler
8000471c   _GPIO_getInput
800045e0   _GPIO_setDir
80004640   _GPIO_setOutput
800046a0   _GPIO_toggleLoop
80003144   _HOSTclock
800030c4   _HOSTclose
8000300c   _HOSTlseek
80002f68   _HOSTopen
80002ecc   _HOSTread
80002e18   _HOSTrename
80002da0   _HOSTtime
80002d24   _HOSTunlink
80002c88   _HOSTwrite
8000399c   _I2CGPIO_getInput
800038c4   _I2CGPIO_getInputAll
80003810   _I2CGPIO_init
80003724   _I2CGPIO_setOutput
800036d0   _I2CGPIO_setOutputAll
8000403c   _I2C_init
800041bc   _I2C_read
800040f4   _I2C_write
80005d7c   _IRQHandler
80004458   _IntAINTCInit
8000444c   _IntChannelGet
80004440   _IntChannelSet
80004428   _IntDisable
80004418   _IntEnable
80004404   _IntFIQDisable
800043f0   _IntFIQEnable
800043dc   _IntGlobalDisable
800043cc   _IntGlobalEnable
800043b8   _IntIRQDisable
800043a4   _IntIRQEnable
80004394   _IntMasterFIQDisable
80004384   _IntMasterFIQEnable
80004374   _IntMasterIRQDisable
80004364   _IntMasterIRQEnable
80004350   _IntMasterStatusGet
80004344   _IntRegister
8000432c   _IntSystemDisable
80004310   _IntSystemEnable
800042f8   _IntSystemStatusClear
800042e0   _IntSystemStatusEnabledGet
800042c8   _IntSystemStatusRawGet
800042b8   _IntUnRegister
80005d5c   _SWIHandler
800031cc   _TEST_ledDip
80004f38   _USTIMER_delay
80004f28   _USTIMER_get
80004e88   _USTIMER_init
80004e5c   _USTIMER_reset
80004e4c   _USTIMER_set
800027c0   _UTIL_isUIBoardAttached
80005db4   _UndefInstHandler
800062c8   __CIOBUF_
80020000   __STACK_END
00002000   __STACK_SIZE
00001000   __SYSMEM_SIZE
00000001   __TI_args_main
8000593c   __TI_auto_init
ffffffff   ___binit__
80006134   ___bss__
ffffffff   ___c_args__
80006900   ___cinit__
80000000   ___data__
80000000   ___edata__
80006744   ___end__
80006134   ___etext__
ffffffff   ___pinit__
8000008c   ___text__
800060b8   __args_main
80003bb0   __cleanup
8000671c   __cleanup_ptr
80006744   __ctypes_
800050dc   __doflush
80006720   __dtors_ptr
80006734   __ft_end
800063e8   __ftable
80006714   __lock
800060ac   __nop
80001480   __printfi
800052a8   __rd_ok
800060a0   __register_lock
80006094   __register_unlock
8001e000   __stack
80006a34   __sys_memory
800065a0   __tmpnams
80006718   __unlock
80005204   __wrt_ok
80005a8c   _abort
8000248c   _add_device
80005bbc   _atoi
80006848   _bitval_u32
80005f38   _c_int00
80001e0c   _calloc
800023d8   _close
80002684   _config_pll0
80002584   _config_pll1
80005e38   _copy_in
80005a98   _exit
80005b20   _fclose
80005164   _fflush
800023d4   _find_registered_device
80003d30   _fopen
800056f4   _fputc
800049a4   _fputs
800018f0   _free
80003c28   _freopen
80005ccc   _fseek
80002c0c   _getenv
80002338   _lseek
80005c44   _ltoa
8000561c   _main
80006740   _main_func_sp
8000181c   _malloc
80001cb4   _memalign
80006044   _memccpy
80005fec   _memchr
800059e4   _memset
80001704   _minit
80002234   _open
80005dcc   _printf
800056f4   _putc
800057c0   _putchar
80004b04   _puts
80002118   _read
800058e0   _readmsg
80001ac0   _realloc
80006130   _remove
800020b0   _remove_device
80002020   _rename
80005324   _setvbuf
80005fb8   _start_boot
80006730   _stkchk_called
8000606c   _strchr
80006018   _strcmp
800060f8   _strcpy
80006114   _strlen
80005ef0   _strncpy
80001fc0   _unlink
80001e68   _write
8000588c   _writemsg
ffffffff   binit
80006744   bss_end
80006134   bss_start
80006900   cinit
80000000   edata
80006744   end
80006134   etext
ffffffff   pinit


GLOBAL SYMBOLS: SORTED BY Symbol Address 

address    name
--------   ----
00000001   __TI_args_main
00001000   __SYSMEM_SIZE
00002000   __STACK_SIZE
80000000   .data
80000000   _Entry
80000000   ___data__
80000000   ___edata__
80000000   edata
8000008c   .text
8000008c   ___text__
80001480   __printfi
80001704   _minit
8000181c   _malloc
800018f0   _free
80001ac0   _realloc
80001cb4   _memalign
80001e0c   _calloc
80001e68   _write
80001fc0   _unlink
80002020   _rename
800020b0   _remove_device
80002118   _read
80002234   _open
80002338   _lseek
800023d4   _find_registered_device
800023d8   _close
8000248c   _add_device
80002584   _config_pll1
80002684   _config_pll0
800027c0   _UTIL_isUIBoardAttached
800027e0   _EVMOMAPL138_pinmuxConfig
8000282c   _EVMOMAPL138_lpscTransition
80002894   _EVMOMAPL138_lpscForce
800028a8   _EVMOMAPL138_initRAM
800029c4   _EVMOMAPL138_init
80002b9c   _EVMOMAPL138_enableDsp
80002c0c   _getenv
80002c88   _HOSTwrite
80002d24   _HOSTunlink
80002da0   _HOSTtime
80002e18   _HOSTrename
80002ecc   _HOSTread
80002f68   _HOSTopen
8000300c   _HOSTlseek
800030c4   _HOSTclose
80003144   _HOSTclock
800031cc   _TEST_ledDip
800036d0   _I2CGPIO_setOutputAll
80003724   _I2CGPIO_setOutput
80003810   _I2CGPIO_init
800038c4   _I2CGPIO_getInputAll
8000399c   _I2CGPIO_getInput
80003bb0   __cleanup
80003c28   _freopen
80003d30   _fopen
80003db0   ULL_DIV
80003db0   ULL_MOD
8000403c   _I2C_init
800040f4   _I2C_write
800041bc   _I2C_read
800042b8   _IntUnRegister
800042c8   _IntSystemStatusRawGet
800042e0   _IntSystemStatusEnabledGet
800042f8   _IntSystemStatusClear
80004310   _IntSystemEnable
8000432c   _IntSystemDisable
80004344   _IntRegister
80004350   _IntMasterStatusGet
80004364   _IntMasterIRQEnable
80004374   _IntMasterIRQDisable
80004384   _IntMasterFIQEnable
80004394   _IntMasterFIQDisable
800043a4   _IntIRQEnable
800043b8   _IntIRQDisable
800043cc   _IntGlobalEnable
800043dc   _IntGlobalDisable
800043f0   _IntFIQEnable
80004404   _IntFIQDisable
80004418   _IntEnable
80004428   _IntDisable
80004440   _IntChannelSet
8000444c   _IntChannelGet
80004458   _IntAINTCInit
800044f8   _CPUAbortHandler
800045e0   _GPIO_setDir
80004640   _GPIO_setOutput
800046a0   _GPIO_toggleLoop
8000471c   _GPIO_getInput
80004790   FD_SUB
8000479c   FD_ADD
800049a4   _fputs
80004b04   _puts
80004b3c   FD_DIV
80004ccc   C_MEMCPY
80004e4c   _USTIMER_set
80004e5c   _USTIMER_reset
80004e88   _USTIMER_init
80004f28   _USTIMER_get
80004f38   _USTIMER_delay
80004fb4   FD_MUL
800050dc   __doflush
80005164   _fflush
80005204   __wrt_ok
800052a8   __rd_ok
80005324   _setvbuf
8000543c   I$DIV
8000543c   I$MOD
80005440   I_DIV
80005440   I_MOD
8000553c   U$DIV
8000553c   U$MOD
80005540   U_DIV
80005540   U_MOD
8000561c   _main
800056f4   _fputc
800056f4   _putc
800057c0   _putchar
800057cc   FD_CMP
8000588c   _writemsg
800058d4   C$$IO$$
800058e0   _readmsg
8000593c   __TI_auto_init
800059e4   _memset
80005a84   C$$EXIT
80005a8c   _abort
80005a98   _exit
80005b20   _fclose
80005bbc   _atoi
80005c44   _ltoa
80005ccc   _fseek
80005d54   _ADDR_HIPVR1
80005d5c   _SWIHandler
80005d7c   _IRQHandler
80005d98   _FIQHandler
80005db4   _AbortHandler
80005db4   _UndefInstHandler
80005dcc   _printf
80005e38   _copy_in
80005e94   FD_TOI
80005ef0   _strncpy
80005f38   _c_int00
80005f7c   I_TOFD
80005fb8   _start_boot
80005fe0   _BootAbort
80005fec   _memchr
80006018   _strcmp
80006044   _memccpy
8000606c   _strchr
80006094   __register_unlock
800060a0   __register_lock
800060ac   __nop
800060b8   __args_main
800060d8   IND_CALL
800060f8   _strcpy
80006114   _strlen
80006130   _remove
80006134   .bss
80006134   ___bss__
80006134   ___etext__
80006134   bss_start
80006134   etext
800062c8   __CIOBUF_
800063e8   __ftable
800065a0   __tmpnams
80006714   __lock
80006718   __unlock
8000671c   __cleanup_ptr
80006720   __dtors_ptr
80006730   _stkchk_called
80006734   __ft_end
80006740   _main_func_sp
80006744   ___end__
80006744   __ctypes_
80006744   bss_end
80006744   end
80006848   _bitval_u32
80006900   ___cinit__
80006900   cinit
80006a34   __sys_memory
8001e000   __stack
80020000   __STACK_END
ffffffff   ___binit__
ffffffff   ___c_args__
ffffffff   ___pinit__
ffffffff   binit
ffffffff   pinit

[186 symbols]
