******************************************************************************
                  TMS470 Linker PC v4.6.2                      
******************************************************************************
>> Linked Fri Jun 15 16:42:07 2012

OUTPUT FILE NAME:   <./Debug/test_ctr_samotor.out>
ENTRY POINT SYMBOL: "_Entry"  address: 80000000


MEMORY CONFIGURATION

         name            origin    length      used     unused   attr    fill
----------------------  --------  ---------  --------  --------  ----  --------
  ONCHIP_RAM            80000000   00020000  00009d40  000162c0  RWIX


SECTION ALLOCATION MAP

 output                                  attributes/
section   page    origin      length       input sections
--------  ----  ----------  ----------   ----------------
.init      0    80000000    0000008c     
                  80000000    0000008c     evmomapl138_csl.lib : evmomapl138_init.obj (.text)

.data      0    80000000    00000000     UNINITIALIZED

.text      0    8000008c    00006374     
                  8000008c    00001678     rts32e.lib : _printfi.obj (.text)
                  80001704    00000764                : memory.obj (.text)
                  80001e68    0000071c                : lowlev.obj (.text)
                  80002584    00000688     evmomapl138_bsl.lib : evmomapl138.obj (.text)
                  80002c0c    000005c0     rts32e.lib : trgdrv.obj (.text)
                  800031cc    0000039c     evmomapl138_bsl.lib : evmomapl138_i2c_gpio.obj (.text)
                  80003568    00000368     test_ctr_samotor.obj (.text)
                  800038d0    00000344     rts32e.lib : fopen.obj (.text)
                  80003c14    000002b0     evmomapl138_bsl.lib : evmomapl138_ctr.obj (.text)
                  80003ec4    0000028c     rts32e.lib : ull_div32.obj (.text)
                  80004150    0000027c     evmomapl138_bsl.lib : evmomapl138_i2c.obj (.text)
                  800043cc    00000270     evmomapl138_csl.lib : evmomapl138_interrupt.obj (.text)
                  8000463c    00000268     evmomapl138_bsl.lib : evmomapl138_gpio.obj (.text)
                  800048a4    00000214     rts32e.lib : fd_add32.obj (.text)
                  80004ab8    00000198                : fputs.obj (.text)
                  80004c50    00000190                : fd_div32.obj (.text)
                  80004de0    00000180                : memcpy32.obj (.text)
                  80004f60    00000168     evmomapl138_bsl.lib : evmomapl138_timer.obj (.text)
                  800050c8    00000128     rts32e.lib : fd_mul32.obj (.text)
                  800051f0    00000128                : fflush.obj (.text)
                  80005318    00000120                : _io_perm.obj (.text)
                  80005438    00000118                : setvbuf.obj (.text)
                  80005550    00000100                : i_div32.obj (.text)
                  80005650    000000f0     evmomapl138_bsl.lib : evmomapl138_ctr_samotor.obj (.text)
                  80005740    000000e0     rts32e.lib : u_div32.obj (.text)
                  80005820    000000d8     main_ctr_samotor.obj (.text)
                  800058f8    000000d8     rts32e.lib : fputc.obj (.text)
                  800059d0    000000c8     evmomapl138_bsl.lib : evmomapl138_ctr_keypad.obj (.text)
                  80005a98    000000c0     rts32e.lib : fd_cmp32.obj (.text)
                  80005b58    000000b0                : trgmsg.obj (.text)
                  80005c08    000000a8                : auto_init.obj (.text)
                  80005cb0    000000a0                : memset32.obj (.text)
                  80005d50    0000009c                : exit.obj (.text)
                  80005dec    0000009c                : fclose.obj (.text)
                  80005e88    00000088                : atoi.obj (.text)
                  80005f10    00000088                : ltoa.obj (.text)
                  80005f98    00000084                : fseek.obj (.text)
                  8000601c    0000007c     evmomapl138_csl.lib : exceptionhandler.obj (.text)
                  80006098    0000006c     rts32e.lib : printf.obj (.text)
                  80006104    0000005c                : cpy_tbl.obj (.text)
                  80006160    0000005c                : fd_toi32.obj (.text)
                  800061bc    00000048                : strncpy.obj (.text)
                  80006204    00000044                : boot.obj (.text)
                  80006248    0000003c                : i_tofd32.obj (.text)
                  80006284    00000034     evmomapl138_csl.lib : evmomapl138_startup.obj (.text)
                  800062b8    0000002c     rts32e.lib : memchr.obj (.text)
                  800062e4    0000002c                : strcmp.obj (.text)
                  80006310    00000028                : memccpy.obj (.text)
                  80006338    00000028                : strchr.obj (.text)
                  80006360    00000024                : _lock.obj (.text)
                  80006384    00000020                : args_main.obj (.text)
                  800063a4    00000020                : icall32.obj (.text)
                  800063c4    0000001c                : strcpy.obj (.text)
                  800063e0    0000001c                : strlen.obj (.text)
                  800063fc    00000004                : remove.obj (.text)

.bss       0    80006400    00000628     UNINITIALIZED
                  80006400    00000194     evmomapl138_csl.lib : evmomapl138_interrupt.obj (.bss:_fnRAMVectors)
                  80006594    00000120     rts32e.lib : trgmsg.obj (.bss:__CIOBUF_)
                  800066b4    000000f0                : defs.obj (.bss:__ftable)
                  800067a4    000000c8                : trgdrv.obj (.bss:_result$1)
                  8000686c    000000a0                : defs.obj (.bss:__tmpnams)
                  8000690c    00000078                : lowlev.obj (.bss:__device)
                  80006984    00000050                : lowlev.obj (.bss:__stream)
                  800069d4    00000014     evmomapl138_bsl.lib : evmomapl138_ctr.obj (.bss)
                  800069e8    0000000c     rts32e.lib : memory.obj (.bss)
                  800069f4    00000008                : _lock.obj (.bss)
                  800069fc    00000008                : exit.obj (.bss)
                  80006a04    00000008                : trgdrv.obj (.bss)
                  80006a0c    00000004     evmomapl138_bsl.lib : evmomapl138_ctr_samotor.obj (.bss)
                  80006a10    00000004                         : evmomapl138_i2c.obj (.bss)
                  80006a14    00000004     rts32e.lib : boot.obj (.bss)
                  80006a18    00000004                : defs.obj (.bss)
                  80006a1c    00000004                : fopen.obj (.bss)
                  80006a20    00000004                : lowlev.obj (.bss)
                  80006a24    00000004                : stkdepth_vars.obj (.bss)

.const     0    80006a28    000001c8     
                  80006a28    00000101     rts32e.lib : ctype.obj (.const:__ctypes_)
                  80006b29    00000003     --HOLE-- [fill = 0]
                  80006b2c    00000080     evmomapl138_bsl.lib : evmomapl138.obj (.const:_bitval_u32)
                  80006bac    00000038     evmomapl138_csl.lib : evmomapl138_startup.obj (.const:_vecTbl)
                  80006be4    00000008     evmomapl138_bsl.lib : evmomapl138_ctr_samotor.obj (.const)
                  80006bec    00000004                         : evmomapl138_ctr.obj (.const)

.cinit     0    80006bf0    00000150     
                  80006bf0    0000005c     rts32e.lib : defs.obj (.cinit)
                  80006c4c    0000005c                : lowlev.obj (.cinit)
                  80006ca8    00000024                : memory.obj (.cinit)
                  80006ccc    00000018                : _lock.obj (.cinit)
                  80006ce4    00000018                : exit.obj (.cinit)
                  80006cfc    00000010     evmomapl138_bsl.lib : evmomapl138_ctr.obj (.cinit)
                  80006d0c    0000000c     rts32e.lib : boot.obj (.cinit)
                  80006d18    0000000c                : fopen.obj (.cinit)
                  80006d24    0000000c                : stkdepth_vars.obj (.cinit)
                  80006d30    0000000a     evmomapl138_bsl.lib : evmomapl138_ctr_samotor.obj (.cinit)
                  80006d3a    00000002     --HOLE-- [fill = 0]
                  80006d3c    00000004     (.pad.cinit) [fill = 0]

.sysmem    0    80006d40    00001000     UNINITIALIZED
                  80006d40    00000008     rts32e.lib : memory.obj (.sysmem)
                  80006d48    00000ff8     --HOLE--

.stack     0    8001e000    00002000     UNINITIALIZED
                  8001e000    00002000     --HOLE--


GLOBAL SYMBOLS: SORTED ALPHABETICALLY BY Name 

address    name
--------   ----
80006400   .bss
80000000   .data
8000008c   .text
80005d50   C$$EXIT
80005ba0   C$$IO$$
80004de0   C_MEMCPY
800048b0   FD_ADD
80005a98   FD_CMP
80004c50   FD_DIV
800050c8   FD_MUL
800048a4   FD_SUB
80006160   FD_TOI
80005550   I$DIV
80005550   I$MOD
800063a4   IND_CALL
80005554   I_DIV
80005554   I_MOD
80006248   I_TOFD
80005740   U$DIV
80005740   U$MOD
80003ec4   ULL_DIV
80003ec4   ULL_MOD
80005744   U_DIV
80005744   U_MOD
80006020   _ADDR_HIPVR1
80006080   _AbortHandler
800062ac   _BootAbort
8000460c   _CPUAbortHandler
80002b9c   _EVMOMAPL138_enableDsp
800029c4   _EVMOMAPL138_init
800028a8   _EVMOMAPL138_initRAM
80002894   _EVMOMAPL138_lpscForce
8000282c   _EVMOMAPL138_lpscTransition
800027e0   _EVMOMAPL138_pinmuxConfig
80000000   _Entry
80006064   _FIQHandler
80004830   _GPIO_getInput
800046f4   _GPIO_setDir
80004754   _GPIO_setOutput
800047b4   _GPIO_toggleLoop
80003144   _HOSTclock
800030c4   _HOSTclose
8000300c   _HOSTlseek
80002f68   _HOSTopen
80002ecc   _HOSTread
80002e18   _HOSTrename
80002da0   _HOSTtime
80002d24   _HOSTunlink
80002c88   _HOSTwrite
80003498   _I2CGPIO_getInput
800033c0   _I2CGPIO_getInputAll
8000330c   _I2CGPIO_init
80003220   _I2CGPIO_setOutput
800031cc   _I2CGPIO_setOutputAll
80004150   _I2C_init
800042d0   _I2C_read
80004208   _I2C_write
80005a2c   _ICETEK_CTR_KEYPAD_enable
80005a08   _ICETEK_CTR_KEYPAD_getkey
800059d0   _ICETEK_CTR_KEYPAD_init
80005700   _ICETEK_CTR_SAMOTOR_direct
800056a0   _ICETEK_CTR_SAMOTOR_enable
80005688   _ICETEK_CTR_SAMOTOR_init
80005650   _ICETEK_CTR_SAMOTOR_step
80003e28   _ICETEK_CTR_close
80003d04   _ICETEK_CTR_init
80003cc0   _ICETEK_CTR_read
80003c94   _ICETEK_CTR_sub_read
80003c60   _ICETEK_CTR_sub_write
80003c28   _ICETEK_CTR_write
80006048   _IRQHandler
8000456c   _IntAINTCInit
80004560   _IntChannelGet
80004554   _IntChannelSet
8000453c   _IntDisable
8000452c   _IntEnable
80004518   _IntFIQDisable
80004504   _IntFIQEnable
800044f0   _IntGlobalDisable
800044e0   _IntGlobalEnable
800044cc   _IntIRQDisable
800044b8   _IntIRQEnable
800044a8   _IntMasterFIQDisable
80004498   _IntMasterFIQEnable
80004488   _IntMasterIRQDisable
80004478   _IntMasterIRQEnable
80004464   _IntMasterStatusGet
80004458   _IntRegister
80004440   _IntSystemDisable
80004424   _IntSystemEnable
8000440c   _IntSystemStatusClear
800043f4   _IntSystemStatusEnabledGet
800043dc   _IntSystemStatusRawGet
800043cc   _IntUnRegister
80006028   _SWIHandler
80003568   _TEST_ctr_samotor
8000504c   _USTIMER_delay
8000503c   _USTIMER_get
80004f9c   _USTIMER_init
80004f70   _USTIMER_reset
80004f60   _USTIMER_set
800027c0   _UTIL_isUIBoardAttached
80006080   _UndefInstHandler
80006594   __CIOBUF_
80020000   __STACK_END
00002000   __STACK_SIZE
00001000   __SYSMEM_SIZE
00000001   __TI_args_main
80005c08   __TI_auto_init
ffffffff   ___binit__
80006400   ___bss__
ffffffff   ___c_args__
80006bf0   ___cinit__
80000000   ___data__
80000000   ___edata__
80006a28   ___end__
80006400   ___etext__
ffffffff   ___pinit__
8000008c   ___text__
80006384   __args_main
80003a14   __cleanup
800069fc   __cleanup_ptr
80006a28   __ctypes_
800051f0   __doflush
80006a00   __dtors_ptr
80006a18   __ft_end
800066b4   __ftable
800069f4   __lock
80006378   __nop
80001480   __printfi
800053bc   __rd_ok
8000636c   __register_lock
80006360   __register_unlock
8001e000   __stack
80006d40   __sys_memory
8000686c   __tmpnams
800069f8   __unlock
80005318   __wrt_ok
80005d58   _abort
8000248c   _add_device
80005e88   _atoi
80006b2c   _bitval_u32
80006204   _c_int00
80001e0c   _calloc
800023d8   _close
80002684   _config_pll0
80002584   _config_pll1
80006104   _copy_in
80005d64   _exit
80005dec   _fclose
80005278   _fflush
800023d4   _find_registered_device
80003b94   _fopen
800058f8   _fputc
80004ab8   _fputs
800018f0   _free
80003a8c   _freopen
80005f98   _fseek
80002c0c   _getenv
80002338   _lseek
80005f10   _ltoa
80005820   _main
80006a24   _main_func_sp
8000181c   _malloc
80001cb4   _memalign
80006310   _memccpy
800062b8   _memchr
80005cb0   _memset
80001704   _minit
80002234   _open
80006098   _printf
800058f8   _putc
800059c4   _putchar
80004c18   _puts
80002118   _read
80005bac   _readmsg
80001ac0   _realloc
800063fc   _remove
800020b0   _remove_device
80002020   _rename
80005438   _setvbuf
80006284   _start_boot
80006a14   _stkchk_called
80006338   _strchr
800062e4   _strcmp
800063c4   _strcpy
800063e0   _strlen
800061bc   _strncpy
80001fc0   _unlink
80001e68   _write
80005b58   _writemsg
ffffffff   binit
80006a28   bss_end
80006400   bss_start
80006bf0   cinit
80000000   edata
80006a28   end
80006400   etext
ffffffff   pinit


GLOBAL SYMBOLS: SORTED BY Symbol Address 

address    name
--------   ----
00000001   __TI_args_main
00001000   __SYSMEM_SIZE
00002000   __STACK_SIZE
80000000   .data
80000000   _Entry
80000000   ___data__
80000000   ___edata__
80000000   edata
8000008c   .text
8000008c   ___text__
80001480   __printfi
80001704   _minit
8000181c   _malloc
800018f0   _free
80001ac0   _realloc
80001cb4   _memalign
80001e0c   _calloc
80001e68   _write
80001fc0   _unlink
80002020   _rename
800020b0   _remove_device
80002118   _read
80002234   _open
80002338   _lseek
800023d4   _find_registered_device
800023d8   _close
8000248c   _add_device
80002584   _config_pll1
80002684   _config_pll0
800027c0   _UTIL_isUIBoardAttached
800027e0   _EVMOMAPL138_pinmuxConfig
8000282c   _EVMOMAPL138_lpscTransition
80002894   _EVMOMAPL138_lpscForce
800028a8   _EVMOMAPL138_initRAM
800029c4   _EVMOMAPL138_init
80002b9c   _EVMOMAPL138_enableDsp
80002c0c   _getenv
80002c88   _HOSTwrite
80002d24   _HOSTunlink
80002da0   _HOSTtime
80002e18   _HOSTrename
80002ecc   _HOSTread
80002f68   _HOSTopen
8000300c   _HOSTlseek
800030c4   _HOSTclose
80003144   _HOSTclock
800031cc   _I2CGPIO_setOutputAll
80003220   _I2CGPIO_setOutput
8000330c   _I2CGPIO_init
800033c0   _I2CGPIO_getInputAll
80003498   _I2CGPIO_getInput
80003568   _TEST_ctr_samotor
80003a14   __cleanup
80003a8c   _freopen
80003b94   _fopen
80003c28   _ICETEK_CTR_write
80003c60   _ICETEK_CTR_sub_write
80003c94   _ICETEK_CTR_sub_read
80003cc0   _ICETEK_CTR_read
80003d04   _ICETEK_CTR_init
80003e28   _ICETEK_CTR_close
80003ec4   ULL_DIV
80003ec4   ULL_MOD
80004150   _I2C_init
80004208   _I2C_write
800042d0   _I2C_read
800043cc   _IntUnRegister
800043dc   _IntSystemStatusRawGet
800043f4   _IntSystemStatusEnabledGet
8000440c   _IntSystemStatusClear
80004424   _IntSystemEnable
80004440   _IntSystemDisable
80004458   _IntRegister
80004464   _IntMasterStatusGet
80004478   _IntMasterIRQEnable
80004488   _IntMasterIRQDisable
80004498   _IntMasterFIQEnable
800044a8   _IntMasterFIQDisable
800044b8   _IntIRQEnable
800044cc   _IntIRQDisable
800044e0   _IntGlobalEnable
800044f0   _IntGlobalDisable
80004504   _IntFIQEnable
80004518   _IntFIQDisable
8000452c   _IntEnable
8000453c   _IntDisable
80004554   _IntChannelSet
80004560   _IntChannelGet
8000456c   _IntAINTCInit
8000460c   _CPUAbortHandler
800046f4   _GPIO_setDir
80004754   _GPIO_setOutput
800047b4   _GPIO_toggleLoop
80004830   _GPIO_getInput
800048a4   FD_SUB
800048b0   FD_ADD
80004ab8   _fputs
80004c18   _puts
80004c50   FD_DIV
80004de0   C_MEMCPY
80004f60   _USTIMER_set
80004f70   _USTIMER_reset
80004f9c   _USTIMER_init
8000503c   _USTIMER_get
8000504c   _USTIMER_delay
800050c8   FD_MUL
800051f0   __doflush
80005278   _fflush
80005318   __wrt_ok
800053bc   __rd_ok
80005438   _setvbuf
80005550   I$DIV
80005550   I$MOD
80005554   I_DIV
80005554   I_MOD
80005650   _ICETEK_CTR_SAMOTOR_step
80005688   _ICETEK_CTR_SAMOTOR_init
800056a0   _ICETEK_CTR_SAMOTOR_enable
80005700   _ICETEK_CTR_SAMOTOR_direct
80005740   U$DIV
80005740   U$MOD
80005744   U_DIV
80005744   U_MOD
80005820   _main
800058f8   _fputc
800058f8   _putc
800059c4   _putchar
800059d0   _ICETEK_CTR_KEYPAD_init
80005a08   _ICETEK_CTR_KEYPAD_getkey
80005a2c   _ICETEK_CTR_KEYPAD_enable
80005a98   FD_CMP
80005b58   _writemsg
80005ba0   C$$IO$$
80005bac   _readmsg
80005c08   __TI_auto_init
80005cb0   _memset
80005d50   C$$EXIT
80005d58   _abort
80005d64   _exit
80005dec   _fclose
80005e88   _atoi
80005f10   _ltoa
80005f98   _fseek
80006020   _ADDR_HIPVR1
80006028   _SWIHandler
80006048   _IRQHandler
80006064   _FIQHandler
80006080   _AbortHandler
80006080   _UndefInstHandler
80006098   _printf
80006104   _copy_in
80006160   FD_TOI
800061bc   _strncpy
80006204   _c_int00
80006248   I_TOFD
80006284   _start_boot
800062ac   _BootAbort
800062b8   _memchr
800062e4   _strcmp
80006310   _memccpy
80006338   _strchr
80006360   __register_unlock
8000636c   __register_lock
80006378   __nop
80006384   __args_main
800063a4   IND_CALL
800063c4   _strcpy
800063e0   _strlen
800063fc   _remove
80006400   .bss
80006400   ___bss__
80006400   ___etext__
80006400   bss_start
80006400   etext
80006594   __CIOBUF_
800066b4   __ftable
8000686c   __tmpnams
800069f4   __lock
800069f8   __unlock
800069fc   __cleanup_ptr
80006a00   __dtors_ptr
80006a14   _stkchk_called
80006a18   __ft_end
80006a24   _main_func_sp
80006a28   ___end__
80006a28   __ctypes_
80006a28   bss_end
80006a28   end
80006b2c   _bitval_u32
80006bf0   ___cinit__
80006bf0   cinit
80006d40   __sys_memory
8001e000   __stack
80020000   __STACK_END
ffffffff   ___binit__
ffffffff   ___c_args__
ffffffff   ___pinit__
ffffffff   binit
ffffffff   pinit

[199 symbols]
