******************************************************************************
                  TMS470 Linker PC v4.6.2                      
******************************************************************************
>> Linked Fri Jun 15 16:45:12 2012

OUTPUT FILE NAME:   <./Debug/test_lcd_graphics.out>
ENTRY POINT SYMBOL: "_Entry"  address: 80000000


MEMORY CONFIGURATION

         name            origin    length      used     unused   attr    fill
----------------------  --------  ---------  --------  --------  ----  --------
  ONCHIP_RAM            80000000   00020000  0000a4c8  00015b38  RWIX


SECTION ALLOCATION MAP

 output                                  attributes/
section   page    origin      length       input sections
--------  ----  ----------  ----------   ----------------
.init      0    80000000    0000008c     
                  80000000    0000008c     evmomapl138_csl.lib : evmomapl138_init.obj (.text)

.data      0    80000000    00000000     UNINITIALIZED

.text      0    8000008c    00006b3c     
                  8000008c    00001678     rts32e.lib : _printfi.obj (.text)
                  80001704    00000bd4     test_lcd_graphics.obj (.text)
                  800022d8    00000764     rts32e.lib : memory.obj (.text)
                  80002a3c    0000071c                : lowlev.obj (.text)
                  80003158    00000688     evmomapl138_bsl.lib : evmomapl138.obj (.text)
                  800037e0    000005c0     rts32e.lib : trgdrv.obj (.text)
                  80003da0    0000039c     evmomapl138_bsl.lib : evmomapl138_i2c_gpio.obj (.text)
                  8000413c    00000344     rts32e.lib : fopen.obj (.text)
                  80004480    0000028c                : ull_div32.obj (.text)
                  8000470c    0000027c     evmomapl138_bsl.lib : evmomapl138_i2c.obj (.text)
                  80004988    00000270     evmomapl138_csl.lib : evmomapl138_interrupt.obj (.text)
                  80004bf8    00000268     evmomapl138_bsl.lib : evmomapl138_gpio.obj (.text)
                  80004e60    00000260                         : evmomapl138_lcd_raster.obj (.text)
                  800050c0    00000214     rts32e.lib : fd_add32.obj (.text)
                  800052d4    00000198                : fputs.obj (.text)
                  8000546c    00000190                : fd_div32.obj (.text)
                  800055fc    00000180                : memcpy32.obj (.text)
                  8000577c    00000168     evmomapl138_bsl.lib : evmomapl138_timer.obj (.text)
                  800058e4    00000164                         : evmomapl138_led.obj (.text)
                  80005a48    00000128     rts32e.lib : fd_mul32.obj (.text)
                  80005b70    00000128                : fflush.obj (.text)
                  80005c98    00000120                : _io_perm.obj (.text)
                  80005db8    00000118                : setvbuf.obj (.text)
                  80005ed0    00000100                : i_div32.obj (.text)
                  80005fd0    000000e0                : u_div32.obj (.text)
                  800060b0    000000d8     main_lcd_graphics.obj (.text)
                  80006188    000000d8     rts32e.lib : fputc.obj (.text)
                  80006260    000000c0                : fd_cmp32.obj (.text)
                  80006320    000000b0                : trgmsg.obj (.text)
                  800063d0    000000a8                : auto_init.obj (.text)
                  80006478    000000a0                : memset32.obj (.text)
                  80006518    0000009c                : exit.obj (.text)
                  800065b4    0000009c                : fclose.obj (.text)
                  80006650    00000088                : atoi.obj (.text)
                  800066d8    00000088                : ltoa.obj (.text)
                  80006760    00000084                : fseek.obj (.text)
                  800067e4    0000007c     evmomapl138_csl.lib : exceptionhandler.obj (.text)
                  80006860    0000006c     rts32e.lib : printf.obj (.text)
                  800068cc    0000005c                : cpy_tbl.obj (.text)
                  80006928    0000005c                : fd_toi32.obj (.text)
                  80006984    00000048                : strncpy.obj (.text)
                  800069cc    00000044                : boot.obj (.text)
                  80006a10    0000003c                : i_tofd32.obj (.text)
                  80006a4c    00000034     evmomapl138_csl.lib : evmomapl138_startup.obj (.text)
                  80006a80    0000002c     rts32e.lib : memchr.obj (.text)
                  80006aac    0000002c                : strcmp.obj (.text)
                  80006ad8    00000028                : memccpy.obj (.text)
                  80006b00    00000028                : strchr.obj (.text)
                  80006b28    00000024                : _lock.obj (.text)
                  80006b4c    00000020                : args_main.obj (.text)
                  80006b6c    00000020                : icall32.obj (.text)
                  80006b8c    0000001c                : strcpy.obj (.text)
                  80006ba8    0000001c                : strlen.obj (.text)
                  80006bc4    00000004                : remove.obj (.text)

.bss       0    80006bc8    00000610     UNINITIALIZED
                  80006bc8    00000194     evmomapl138_csl.lib : evmomapl138_interrupt.obj (.bss:_fnRAMVectors)
                  80006d5c    00000120     rts32e.lib : trgmsg.obj (.bss:__CIOBUF_)
                  80006e7c    000000f0                : defs.obj (.bss:__ftable)
                  80006f6c    000000c8                : trgdrv.obj (.bss:_result$1)
                  80007034    000000a0                : defs.obj (.bss:__tmpnams)
                  800070d4    00000078                : lowlev.obj (.bss:__device)
                  8000714c    00000050                : lowlev.obj (.bss:__stream)
                  8000719c    0000000c                : memory.obj (.bss)
                  800071a8    00000008                : _lock.obj (.bss)
                  800071b0    00000008                : exit.obj (.bss)
                  800071b8    00000008                : trgdrv.obj (.bss)
                  800071c0    00000004     evmomapl138_bsl.lib : evmomapl138_i2c.obj (.bss)
                  800071c4    00000004     rts32e.lib : boot.obj (.bss)
                  800071c8    00000004                : defs.obj (.bss)
                  800071cc    00000004                : fopen.obj (.bss)
                  800071d0    00000004                : lowlev.obj (.bss)
                  800071d4    00000004                : stkdepth_vars.obj (.bss)

.const     0    800071d8    000001bc     
                  800071d8    00000101     rts32e.lib : ctype.obj (.const:__ctypes_)
                  800072d9    00000003     --HOLE-- [fill = 0]
                  800072dc    00000080     evmomapl138_bsl.lib : evmomapl138.obj (.const:_bitval_u32)
                  8000735c    00000038     evmomapl138_csl.lib : evmomapl138_startup.obj (.const:_vecTbl)

.cinit     0    80007394    00000134     
                  80007394    0000005c     rts32e.lib : defs.obj (.cinit)
                  800073f0    0000005c                : lowlev.obj (.cinit)
                  8000744c    00000024                : memory.obj (.cinit)
                  80007470    00000018                : _lock.obj (.cinit)
                  80007488    00000018                : exit.obj (.cinit)
                  800074a0    0000000c                : boot.obj (.cinit)
                  800074ac    0000000c                : fopen.obj (.cinit)
                  800074b8    0000000c                : stkdepth_vars.obj (.cinit)
                  800074c4    00000004     --HOLE-- [fill = 0]

.sysmem    0    800074c8    00001000     UNINITIALIZED
                  800074c8    00000008     rts32e.lib : memory.obj (.sysmem)
                  800074d0    00000ff8     --HOLE--

.stack     0    8001e000    00002000     UNINITIALIZED
                  8001e000    00002000     --HOLE--


GLOBAL SYMBOLS: SORTED ALPHABETICALLY BY Name 

address    name
--------   ----
80006bc8   .bss
80000000   .data
8000008c   .text
80006518   C$$EXIT
80006368   C$$IO$$
800055fc   C_MEMCPY
800050cc   FD_ADD
80006260   FD_CMP
8000546c   FD_DIV
80005a48   FD_MUL
800050c0   FD_SUB
80006928   FD_TOI
80005ed0   I$DIV
80005ed0   I$MOD
80006b6c   IND_CALL
80005ed4   I_DIV
80005ed4   I_MOD
80006a10   I_TOFD
80005fd0   U$DIV
80005fd0   U$MOD
80004480   ULL_DIV
80004480   ULL_MOD
80005fd4   U_DIV
80005fd4   U_MOD
800067e8   _ADDR_HIPVR1
80006848   _AbortHandler
80006a74   _BootAbort
80004bc8   _CPUAbortHandler
80003770   _EVMOMAPL138_enableDsp
80003598   _EVMOMAPL138_init
8000347c   _EVMOMAPL138_initRAM
80003468   _EVMOMAPL138_lpscForce
80003400   _EVMOMAPL138_lpscTransition
800033b4   _EVMOMAPL138_pinmuxConfig
80000000   _Entry
8000682c   _FIQHandler
80004dec   _GPIO_getInput
80004cb0   _GPIO_setDir
80004d10   _GPIO_setOutput
80004d70   _GPIO_toggleLoop
80003d18   _HOSTclock
80003c98   _HOSTclose
80003be0   _HOSTlseek
80003b3c   _HOSTopen
80003aa0   _HOSTread
800039ec   _HOSTrename
80003974   _HOSTtime
800038f8   _HOSTunlink
8000385c   _HOSTwrite
8000406c   _I2CGPIO_getInput
80003f94   _I2CGPIO_getInputAll
80003ee0   _I2CGPIO_init
80003df4   _I2CGPIO_setOutput
80003da0   _I2CGPIO_setOutputAll
8000470c   _I2C_init
8000488c   _I2C_read
800047c4   _I2C_write
80006810   _IRQHandler
80004b28   _IntAINTCInit
80004b1c   _IntChannelGet
80004b10   _IntChannelSet
80004af8   _IntDisable
80004ae8   _IntEnable
80004ad4   _IntFIQDisable
80004ac0   _IntFIQEnable
80004aac   _IntGlobalDisable
80004a9c   _IntGlobalEnable
80004a88   _IntIRQDisable
80004a74   _IntIRQEnable
80004a64   _IntMasterFIQDisable
80004a54   _IntMasterFIQEnable
80004a44   _IntMasterIRQDisable
80004a34   _IntMasterIRQEnable
80004a20   _IntMasterStatusGet
80004a14   _IntRegister
800049fc   _IntSystemDisable
800049e0   _IntSystemEnable
800049c8   _IntSystemStatusClear
800049b0   _IntSystemStatusEnabledGet
80004998   _IntSystemStatusRawGet
80004988   _IntUnRegister
800059fc   _LED_init
8000596c   _LED_isOn
800059c8   _LED_toggle
8000593c   _LED_turnOff
8000590c   _LED_turnOn
8000503c   _RASTER_clear
80004e8c   _RASTER_init
80004e60   _RASTER_plot
800067f0   _SWIHandler
80001704   _TEST_graphicsLcd
80001b24   _TEST_stressTestGraphicsLcd
80005868   _USTIMER_delay
80005858   _USTIMER_get
800057b8   _USTIMER_init
8000578c   _USTIMER_reset
8000577c   _USTIMER_set
80003394   _UTIL_isUIBoardAttached
80006848   _UndefInstHandler
80006d5c   __CIOBUF_
80020000   __STACK_END
00002000   __STACK_SIZE
00001000   __SYSMEM_SIZE
00000001   __TI_args_main
800063d0   __TI_auto_init
ffffffff   ___binit__
80006bc8   ___bss__
ffffffff   ___c_args__
80007394   ___cinit__
80000000   ___data__
80000000   ___edata__
800071d8   ___end__
80006bc8   ___etext__
ffffffff   ___pinit__
8000008c   ___text__
80006b4c   __args_main
80004280   __cleanup
800071b0   __cleanup_ptr
800071d8   __ctypes_
80005b70   __doflush
800071b4   __dtors_ptr
800071c8   __ft_end
80006e7c   __ftable
800071a8   __lock
80006b40   __nop
80001480   __printfi
80005d3c   __rd_ok
80006b34   __register_lock
80006b28   __register_unlock
8001e000   __stack
800074c8   __sys_memory
80007034   __tmpnams
800071ac   __unlock
80005c98   __wrt_ok
80006520   _abort
80003060   _add_device
80006650   _atoi
800072dc   _bitval_u32
800069cc   _c_int00
800029e0   _calloc
80002fac   _close
80003258   _config_pll0
80003158   _config_pll1
800068cc   _copy_in
8000652c   _exit
800065b4   _fclose
80005bf8   _fflush
80002fa8   _find_registered_device
80004400   _fopen
80006188   _fputc
800052d4   _fputs
800024c4   _free
800042f8   _freopen
80006760   _fseek
800037e0   _getenv
80002f0c   _lseek
800066d8   _ltoa
800060b0   _main
800071d4   _main_func_sp
800023f0   _malloc
80002888   _memalign
80006ad8   _memccpy
80006a80   _memchr
80006478   _memset
800022d8   _minit
80002e08   _open
80006860   _printf
80006188   _putc
80006254   _putchar
80005434   _puts
80002cec   _read
80006374   _readmsg
80002694   _realloc
80006bc4   _remove
80002c84   _remove_device
80002bf4   _rename
80005db8   _setvbuf
80006a4c   _start_boot
800071c4   _stkchk_called
80006b00   _strchr
80006aac   _strcmp
80006b8c   _strcpy
80006ba8   _strlen
80006984   _strncpy
80001c38   _testPattern
800021dc   _testPatternBlackWhiteSplit
80002b94   _unlink
80002a3c   _write
80006320   _writemsg
ffffffff   binit
800071d8   bss_end
80006bc8   bss_start
80007394   cinit
80000000   edata
800071d8   end
80006bc8   etext
ffffffff   pinit


GLOBAL SYMBOLS: SORTED BY Symbol Address 

address    name
--------   ----
00000001   __TI_args_main
00001000   __SYSMEM_SIZE
00002000   __STACK_SIZE
80000000   .data
80000000   _Entry
80000000   ___data__
80000000   ___edata__
80000000   edata
8000008c   .text
8000008c   ___text__
80001480   __printfi
80001704   _TEST_graphicsLcd
80001b24   _TEST_stressTestGraphicsLcd
80001c38   _testPattern
800021dc   _testPatternBlackWhiteSplit
800022d8   _minit
800023f0   _malloc
800024c4   _free
80002694   _realloc
80002888   _memalign
800029e0   _calloc
80002a3c   _write
80002b94   _unlink
80002bf4   _rename
80002c84   _remove_device
80002cec   _read
80002e08   _open
80002f0c   _lseek
80002fa8   _find_registered_device
80002fac   _close
80003060   _add_device
80003158   _config_pll1
80003258   _config_pll0
80003394   _UTIL_isUIBoardAttached
800033b4   _EVMOMAPL138_pinmuxConfig
80003400   _EVMOMAPL138_lpscTransition
80003468   _EVMOMAPL138_lpscForce
8000347c   _EVMOMAPL138_initRAM
80003598   _EVMOMAPL138_init
80003770   _EVMOMAPL138_enableDsp
800037e0   _getenv
8000385c   _HOSTwrite
800038f8   _HOSTunlink
80003974   _HOSTtime
800039ec   _HOSTrename
80003aa0   _HOSTread
80003b3c   _HOSTopen
80003be0   _HOSTlseek
80003c98   _HOSTclose
80003d18   _HOSTclock
80003da0   _I2CGPIO_setOutputAll
80003df4   _I2CGPIO_setOutput
80003ee0   _I2CGPIO_init
80003f94   _I2CGPIO_getInputAll
8000406c   _I2CGPIO_getInput
80004280   __cleanup
800042f8   _freopen
80004400   _fopen
80004480   ULL_DIV
80004480   ULL_MOD
8000470c   _I2C_init
800047c4   _I2C_write
8000488c   _I2C_read
80004988   _IntUnRegister
80004998   _IntSystemStatusRawGet
800049b0   _IntSystemStatusEnabledGet
800049c8   _IntSystemStatusClear
800049e0   _IntSystemEnable
800049fc   _IntSystemDisable
80004a14   _IntRegister
80004a20   _IntMasterStatusGet
80004a34   _IntMasterIRQEnable
80004a44   _IntMasterIRQDisable
80004a54   _IntMasterFIQEnable
80004a64   _IntMasterFIQDisable
80004a74   _IntIRQEnable
80004a88   _IntIRQDisable
80004a9c   _IntGlobalEnable
80004aac   _IntGlobalDisable
80004ac0   _IntFIQEnable
80004ad4   _IntFIQDisable
80004ae8   _IntEnable
80004af8   _IntDisable
80004b10   _IntChannelSet
80004b1c   _IntChannelGet
80004b28   _IntAINTCInit
80004bc8   _CPUAbortHandler
80004cb0   _GPIO_setDir
80004d10   _GPIO_setOutput
80004d70   _GPIO_toggleLoop
80004dec   _GPIO_getInput
80004e60   _RASTER_plot
80004e8c   _RASTER_init
8000503c   _RASTER_clear
800050c0   FD_SUB
800050cc   FD_ADD
800052d4   _fputs
80005434   _puts
8000546c   FD_DIV
800055fc   C_MEMCPY
8000577c   _USTIMER_set
8000578c   _USTIMER_reset
800057b8   _USTIMER_init
80005858   _USTIMER_get
80005868   _USTIMER_delay
8000590c   _LED_turnOn
8000593c   _LED_turnOff
8000596c   _LED_isOn
800059c8   _LED_toggle
800059fc   _LED_init
80005a48   FD_MUL
80005b70   __doflush
80005bf8   _fflush
80005c98   __wrt_ok
80005d3c   __rd_ok
80005db8   _setvbuf
80005ed0   I$DIV
80005ed0   I$MOD
80005ed4   I_DIV
80005ed4   I_MOD
80005fd0   U$DIV
80005fd0   U$MOD
80005fd4   U_DIV
80005fd4   U_MOD
800060b0   _main
80006188   _fputc
80006188   _putc
80006254   _putchar
80006260   FD_CMP
80006320   _writemsg
80006368   C$$IO$$
80006374   _readmsg
800063d0   __TI_auto_init
80006478   _memset
80006518   C$$EXIT
80006520   _abort
8000652c   _exit
800065b4   _fclose
80006650   _atoi
800066d8   _ltoa
80006760   _fseek
800067e8   _ADDR_HIPVR1
800067f0   _SWIHandler
80006810   _IRQHandler
8000682c   _FIQHandler
80006848   _AbortHandler
80006848   _UndefInstHandler
80006860   _printf
800068cc   _copy_in
80006928   FD_TOI
80006984   _strncpy
800069cc   _c_int00
80006a10   I_TOFD
80006a4c   _start_boot
80006a74   _BootAbort
80006a80   _memchr
80006aac   _strcmp
80006ad8   _memccpy
80006b00   _strchr
80006b28   __register_unlock
80006b34   __register_lock
80006b40   __nop
80006b4c   __args_main
80006b6c   IND_CALL
80006b8c   _strcpy
80006ba8   _strlen
80006bc4   _remove
80006bc8   .bss
80006bc8   ___bss__
80006bc8   ___etext__
80006bc8   bss_start
80006bc8   etext
80006d5c   __CIOBUF_
80006e7c   __ftable
80007034   __tmpnams
800071a8   __lock
800071ac   __unlock
800071b0   __cleanup_ptr
800071b4   __dtors_ptr
800071c4   _stkchk_called
800071c8   __ft_end
800071d4   _main_func_sp
800071d8   ___end__
800071d8   __ctypes_
800071d8   bss_end
800071d8   end
800072dc   _bitval_u32
80007394   ___cinit__
80007394   cinit
800074c8   __sys_memory
8001e000   __stack
80020000   __STACK_END
ffffffff   ___binit__
ffffffff   ___c_args__
ffffffff   ___pinit__
ffffffff   binit
ffffffff   pinit

[197 symbols]
