******************************************************************************
                  TMS470 Linker PC v4.6.2                      
******************************************************************************
>> Linked Fri Jun 15 16:44:08 2012

OUTPUT FILE NAME:   <./Debug/test_mii_loopback.out>
ENTRY POINT SYMBOL: "_Entry"  address: 80000000


MEMORY CONFIGURATION

         name            origin    length      used     unused   attr    fill
----------------------  --------  ---------  --------  --------  ----  --------
  ONCHIP_RAM            80000000   00020000  0000e8cc  00011734  RWIX


SECTION ALLOCATION MAP

 output                                  attributes/
section   page    origin      length       input sections
--------  ----  ----------  ----------   ----------------
.init      0    80000000    0000008c     
                  80000000    0000008c     evmomapl138_csl.lib : evmomapl138_init.obj (.text)

.data      0    80000000    00000000     UNINITIALIZED

.text      0    8000008c    00006b10     
                  8000008c    00001678     rts32e.lib : _printfi.obj (.text)
                  80001704    0000084c     evmomapl138_bsl.lib : evmomapl138_emac.obj (.text)
                  80001f50    00000764     rts32e.lib : memory.obj (.text)
                  800026b4    00000720     test_mii_loopback.obj (.text)
                  80002dd4    0000071c     rts32e.lib : lowlev.obj (.text)
                  800034f0    00000688     evmomapl138_bsl.lib : evmomapl138.obj (.text)
                  80003b78    000005c0     rts32e.lib : trgdrv.obj (.text)
                  80004138    0000039c     evmomapl138_bsl.lib : evmomapl138_i2c_gpio.obj (.text)
                  800044d4    00000344     rts32e.lib : fopen.obj (.text)
                  80004818    0000028c                : ull_div32.obj (.text)
                  80004aa4    0000027c     evmomapl138_bsl.lib : evmomapl138_i2c.obj (.text)
                  80004d20    00000270     evmomapl138_csl.lib : evmomapl138_interrupt.obj (.text)
                  80004f90    00000268     evmomapl138_bsl.lib : evmomapl138_gpio.obj (.text)
                  800051f8    00000214     rts32e.lib : fd_add32.obj (.text)
                  8000540c    00000198                : fputs.obj (.text)
                  800055a4    00000190                : fd_div32.obj (.text)
                  80005734    00000180                : memcpy32.obj (.text)
                  800058b4    00000168     evmomapl138_bsl.lib : evmomapl138_timer.obj (.text)
                  80005a1c    00000128     rts32e.lib : fd_mul32.obj (.text)
                  80005b44    00000128                : fflush.obj (.text)
                  80005c6c    00000120                : _io_perm.obj (.text)
                  80005d8c    00000118                : setvbuf.obj (.text)
                  80005ea4    00000100                : i_div32.obj (.text)
                  80005fa4    000000e0                : u_div32.obj (.text)
                  80006084    000000d8     main_mii_loopback.obj (.text)
                  8000615c    000000d8     rts32e.lib : fputc.obj (.text)
                  80006234    000000c0                : fd_cmp32.obj (.text)
                  800062f4    000000b0                : trgmsg.obj (.text)
                  800063a4    000000a8                : auto_init.obj (.text)
                  8000644c    000000a0                : memset32.obj (.text)
                  800064ec    0000009c                : exit.obj (.text)
                  80006588    0000009c                : fclose.obj (.text)
                  80006624    00000088                : atoi.obj (.text)
                  800066ac    00000088                : ltoa.obj (.text)
                  80006734    00000084                : fseek.obj (.text)
                  800067b8    0000007c     evmomapl138_csl.lib : exceptionhandler.obj (.text)
                  80006834    0000006c     rts32e.lib : printf.obj (.text)
                  800068a0    0000005c                : cpy_tbl.obj (.text)
                  800068fc    0000005c                : fd_toi32.obj (.text)
                  80006958    00000048                : strncpy.obj (.text)
                  800069a0    00000044                : boot.obj (.text)
                  800069e4    0000003c                : i_tofd32.obj (.text)
                  80006a20    00000034     evmomapl138_csl.lib : evmomapl138_startup.obj (.text)
                  80006a54    0000002c     rts32e.lib : memchr.obj (.text)
                  80006a80    0000002c                : strcmp.obj (.text)
                  80006aac    00000028                : memccpy.obj (.text)
                  80006ad4    00000028                : strchr.obj (.text)
                  80006afc    00000024                : _lock.obj (.text)
                  80006b20    00000020                : args_main.obj (.text)
                  80006b40    00000020                : icall32.obj (.text)
                  80006b60    0000001c                : strcpy.obj (.text)
                  80006b7c    0000001c                : strlen.obj (.text)
                  80006b98    00000004                : remove.obj (.text)

.bss       0    80006b9c    00004a24     UNINITIALIZED
                  80006b9c    00003c00     evmomapl138_bsl.lib : evmomapl138_emac.obj (.bss:_g_rx_buffers)
                  8000a79c    00000400     test_mii_loopback.obj (.bss:_rx_data)
                  8000ab9c    00000400     test_mii_loopback.obj (.bss:_test_data)
                  8000af9c    00000194     evmomapl138_csl.lib : evmomapl138_interrupt.obj (.bss:_fnRAMVectors)
                  8000b130    00000120     rts32e.lib : trgmsg.obj (.bss:__CIOBUF_)
                  8000b250    000000f0                : defs.obj (.bss:__ftable)
                  8000b340    000000c8                : trgdrv.obj (.bss:_result$1)
                  8000b408    000000a0                : defs.obj (.bss:__tmpnams)
                  8000b4a8    00000078                : lowlev.obj (.bss:__device)
                  8000b520    00000050                : lowlev.obj (.bss:__stream)
                  8000b570    00000014     evmomapl138_bsl.lib : evmomapl138_emac.obj (.bss)
                  8000b584    0000000c     rts32e.lib : memory.obj (.bss)
                  8000b590    00000008                : _lock.obj (.bss)
                  8000b598    00000008                : exit.obj (.bss)
                  8000b5a0    00000008                : trgdrv.obj (.bss)
                  8000b5a8    00000004     evmomapl138_bsl.lib : evmomapl138_i2c.obj (.bss)
                  8000b5ac    00000004     rts32e.lib : boot.obj (.bss)
                  8000b5b0    00000004                : defs.obj (.bss)
                  8000b5b4    00000004                : fopen.obj (.bss)
                  8000b5b8    00000004                : lowlev.obj (.bss)
                  8000b5bc    00000004                : stkdepth_vars.obj (.bss)

.const     0    8000b5c0    000001bc     
                  8000b5c0    00000101     rts32e.lib : ctype.obj (.const:__ctypes_)
                  8000b6c1    00000003     --HOLE-- [fill = 0]
                  8000b6c4    00000080     evmomapl138_bsl.lib : evmomapl138.obj (.const:_bitval_u32)
                  8000b744    00000038     evmomapl138_csl.lib : evmomapl138_startup.obj (.const:_vecTbl)

.cinit     0    8000b77c    00000150     
                  8000b77c    0000005c     rts32e.lib : defs.obj (.cinit)
                  8000b7d8    0000005c                : lowlev.obj (.cinit)
                  8000b834    00000024                : memory.obj (.cinit)
                  8000b858    0000001c     evmomapl138_bsl.lib : evmomapl138_emac.obj (.cinit)
                  8000b874    00000018     rts32e.lib : _lock.obj (.cinit)
                  8000b88c    00000018                : exit.obj (.cinit)
                  8000b8a4    0000000c                : boot.obj (.cinit)
                  8000b8b0    0000000c                : fopen.obj (.cinit)
                  8000b8bc    0000000c                : stkdepth_vars.obj (.cinit)
                  8000b8c8    00000004     --HOLE-- [fill = 0]

.sysmem    0    8000b8cc    00001000     UNINITIALIZED
                  8000b8cc    00000008     rts32e.lib : memory.obj (.sysmem)
                  8000b8d4    00000ff8     --HOLE--

.stack     0    8001e000    00002000     UNINITIALIZED
                  8001e000    00002000     --HOLE--


GLOBAL SYMBOLS: SORTED ALPHABETICALLY BY Name 

address    name
--------   ----
80006b9c   .bss
80000000   .data
8000008c   .text
800064ec   C$$EXIT
8000633c   C$$IO$$
80005734   C_MEMCPY
80005204   FD_ADD
80006234   FD_CMP
800055a4   FD_DIV
80005a1c   FD_MUL
800051f8   FD_SUB
800068fc   FD_TOI
80005ea4   I$DIV
80005ea4   I$MOD
80006b40   IND_CALL
80005ea8   I_DIV
80005ea8   I_MOD
800069e4   I_TOFD
80005fa4   U$DIV
80005fa4   U$MOD
80004818   ULL_DIV
80004818   ULL_MOD
80005fa8   U_DIV
80005fa8   U_MOD
800067bc   _ADDR_HIPVR1
8000681c   _AbortHandler
80006a48   _BootAbort
80004f60   _CPUAbortHandler
80001aa4   _EMAC_init
80001a50   _EMAC_phyEnterLoopback
800019f8   _EMAC_phyExitLoopback
8000199c   _EMAC_phyPowerDown
80001944   _EMAC_phyPowerOn
800017f0   _EMAC_rxPacket
80001760   _EMAC_txPacket
80003b08   _EVMOMAPL138_enableDsp
80003930   _EVMOMAPL138_init
80003814   _EVMOMAPL138_initRAM
80003800   _EVMOMAPL138_lpscForce
80003798   _EVMOMAPL138_lpscTransition
8000374c   _EVMOMAPL138_pinmuxConfig
80000000   _Entry
80006800   _FIQHandler
80005184   _GPIO_getInput
80005048   _GPIO_setDir
800050a8   _GPIO_setOutput
80005108   _GPIO_toggleLoop
800040b0   _HOSTclock
80004030   _HOSTclose
80003f78   _HOSTlseek
80003ed4   _HOSTopen
80003e38   _HOSTread
80003d84   _HOSTrename
80003d0c   _HOSTtime
80003c90   _HOSTunlink
80003bf4   _HOSTwrite
80004404   _I2CGPIO_getInput
8000432c   _I2CGPIO_getInputAll
80004278   _I2CGPIO_init
8000418c   _I2CGPIO_setOutput
80004138   _I2CGPIO_setOutputAll
80004aa4   _I2C_init
80004c24   _I2C_read
80004b5c   _I2C_write
800067e4   _IRQHandler
80004ec0   _IntAINTCInit
80004eb4   _IntChannelGet
80004ea8   _IntChannelSet
80004e90   _IntDisable
80004e80   _IntEnable
80004e6c   _IntFIQDisable
80004e58   _IntFIQEnable
80004e44   _IntGlobalDisable
80004e34   _IntGlobalEnable
80004e20   _IntIRQDisable
80004e0c   _IntIRQEnable
80004dfc   _IntMasterFIQDisable
80004dec   _IntMasterFIQEnable
80004ddc   _IntMasterIRQDisable
80004dcc   _IntMasterIRQEnable
80004db8   _IntMasterStatusGet
80004dac   _IntRegister
80004d94   _IntSystemDisable
80004d78   _IntSystemEnable
80004d60   _IntSystemStatusClear
80004d48   _IntSystemStatusEnabledGet
80004d30   _IntSystemStatusRawGet
80004d20   _IntUnRegister
800067c4   _SWIHandler
800027d8   _TEST_mii_loopback
800059a0   _USTIMER_delay
80005990   _USTIMER_get
800058f0   _USTIMER_init
800058c4   _USTIMER_reset
800058b4   _USTIMER_set
8000372c   _UTIL_isUIBoardAttached
8000681c   _UndefInstHandler
8000b130   __CIOBUF_
80020000   __STACK_END
00002000   __STACK_SIZE
00001000   __SYSMEM_SIZE
00000001   __TI_args_main
800063a4   __TI_auto_init
ffffffff   ___binit__
80006b9c   ___bss__
ffffffff   ___c_args__
8000b77c   ___cinit__
80000000   ___data__
80000000   ___edata__
8000b5c0   ___end__
80006b9c   ___etext__
ffffffff   ___pinit__
8000008c   ___text__
80006b20   __args_main
80004618   __cleanup
8000b598   __cleanup_ptr
8000b5c0   __ctypes_
80005b44   __doflush
8000b59c   __dtors_ptr
8000b5b0   __ft_end
8000b250   __ftable
8000b590   __lock
80006b14   __nop
80001480   __printfi
80005d10   __rd_ok
80006b08   __register_lock
80006afc   __register_unlock
8001e000   __stack
8000b8cc   __sys_memory
8000b408   __tmpnams
8000b594   __unlock
80005c6c   __wrt_ok
800064f4   _abort
800033f8   _add_device
80006624   _atoi
8000b6c4   _bitval_u32
800069a0   _c_int00
80002658   _calloc
80003344   _close
800035f0   _config_pll0
800034f0   _config_pll1
800068a0   _copy_in
80006500   _exit
80006588   _fclose
80005bcc   _fflush
80003340   _find_registered_device
80004798   _fopen
8000615c   _fputc
8000540c   _fputs
8000213c   _free
80004690   _freopen
80006734   _fseek
80003b78   _getenv
800032a4   _lseek
800066ac   _ltoa
80006084   _main
8000b5bc   _main_func_sp
80002068   _malloc
80002500   _memalign
80006aac   _memccpy
80006a54   _memchr
8000644c   _memset
80001f50   _minit
800031a0   _open
80006834   _printf
8000615c   _putc
80006228   _putchar
8000556c   _puts
80003084   _read
80006348   _readmsg
8000230c   _realloc
80006b98   _remove
8000301c   _remove_device
80002f8c   _rename
80005d8c   _setvbuf
80006a20   _start_boot
8000b5ac   _stkchk_called
80006ad4   _strchr
80006a80   _strcmp
80006b60   _strcpy
80006b7c   _strlen
80006958   _strncpy
80002f2c   _unlink
80002dd4   _write
800062f4   _writemsg
ffffffff   binit
8000b5c0   bss_end
80006b9c   bss_start
8000b77c   cinit
80000000   edata
8000b5c0   end
80006b9c   etext
ffffffff   pinit


GLOBAL SYMBOLS: SORTED BY Symbol Address 

address    name
--------   ----
00000001   __TI_args_main
00001000   __SYSMEM_SIZE
00002000   __STACK_SIZE
80000000   .data
80000000   _Entry
80000000   ___data__
80000000   ___edata__
80000000   edata
8000008c   .text
8000008c   ___text__
80001480   __printfi
80001760   _EMAC_txPacket
800017f0   _EMAC_rxPacket
80001944   _EMAC_phyPowerOn
8000199c   _EMAC_phyPowerDown
800019f8   _EMAC_phyExitLoopback
80001a50   _EMAC_phyEnterLoopback
80001aa4   _EMAC_init
80001f50   _minit
80002068   _malloc
8000213c   _free
8000230c   _realloc
80002500   _memalign
80002658   _calloc
800027d8   _TEST_mii_loopback
80002dd4   _write
80002f2c   _unlink
80002f8c   _rename
8000301c   _remove_device
80003084   _read
800031a0   _open
800032a4   _lseek
80003340   _find_registered_device
80003344   _close
800033f8   _add_device
800034f0   _config_pll1
800035f0   _config_pll0
8000372c   _UTIL_isUIBoardAttached
8000374c   _EVMOMAPL138_pinmuxConfig
80003798   _EVMOMAPL138_lpscTransition
80003800   _EVMOMAPL138_lpscForce
80003814   _EVMOMAPL138_initRAM
80003930   _EVMOMAPL138_init
80003b08   _EVMOMAPL138_enableDsp
80003b78   _getenv
80003bf4   _HOSTwrite
80003c90   _HOSTunlink
80003d0c   _HOSTtime
80003d84   _HOSTrename
80003e38   _HOSTread
80003ed4   _HOSTopen
80003f78   _HOSTlseek
80004030   _HOSTclose
800040b0   _HOSTclock
80004138   _I2CGPIO_setOutputAll
8000418c   _I2CGPIO_setOutput
80004278   _I2CGPIO_init
8000432c   _I2CGPIO_getInputAll
80004404   _I2CGPIO_getInput
80004618   __cleanup
80004690   _freopen
80004798   _fopen
80004818   ULL_DIV
80004818   ULL_MOD
80004aa4   _I2C_init
80004b5c   _I2C_write
80004c24   _I2C_read
80004d20   _IntUnRegister
80004d30   _IntSystemStatusRawGet
80004d48   _IntSystemStatusEnabledGet
80004d60   _IntSystemStatusClear
80004d78   _IntSystemEnable
80004d94   _IntSystemDisable
80004dac   _IntRegister
80004db8   _IntMasterStatusGet
80004dcc   _IntMasterIRQEnable
80004ddc   _IntMasterIRQDisable
80004dec   _IntMasterFIQEnable
80004dfc   _IntMasterFIQDisable
80004e0c   _IntIRQEnable
80004e20   _IntIRQDisable
80004e34   _IntGlobalEnable
80004e44   _IntGlobalDisable
80004e58   _IntFIQEnable
80004e6c   _IntFIQDisable
80004e80   _IntEnable
80004e90   _IntDisable
80004ea8   _IntChannelSet
80004eb4   _IntChannelGet
80004ec0   _IntAINTCInit
80004f60   _CPUAbortHandler
80005048   _GPIO_setDir
800050a8   _GPIO_setOutput
80005108   _GPIO_toggleLoop
80005184   _GPIO_getInput
800051f8   FD_SUB
80005204   FD_ADD
8000540c   _fputs
8000556c   _puts
800055a4   FD_DIV
80005734   C_MEMCPY
800058b4   _USTIMER_set
800058c4   _USTIMER_reset
800058f0   _USTIMER_init
80005990   _USTIMER_get
800059a0   _USTIMER_delay
80005a1c   FD_MUL
80005b44   __doflush
80005bcc   _fflush
80005c6c   __wrt_ok
80005d10   __rd_ok
80005d8c   _setvbuf
80005ea4   I$DIV
80005ea4   I$MOD
80005ea8   I_DIV
80005ea8   I_MOD
80005fa4   U$DIV
80005fa4   U$MOD
80005fa8   U_DIV
80005fa8   U_MOD
80006084   _main
8000615c   _fputc
8000615c   _putc
80006228   _putchar
80006234   FD_CMP
800062f4   _writemsg
8000633c   C$$IO$$
80006348   _readmsg
800063a4   __TI_auto_init
8000644c   _memset
800064ec   C$$EXIT
800064f4   _abort
80006500   _exit
80006588   _fclose
80006624   _atoi
800066ac   _ltoa
80006734   _fseek
800067bc   _ADDR_HIPVR1
800067c4   _SWIHandler
800067e4   _IRQHandler
80006800   _FIQHandler
8000681c   _AbortHandler
8000681c   _UndefInstHandler
80006834   _printf
800068a0   _copy_in
800068fc   FD_TOI
80006958   _strncpy
800069a0   _c_int00
800069e4   I_TOFD
80006a20   _start_boot
80006a48   _BootAbort
80006a54   _memchr
80006a80   _strcmp
80006aac   _memccpy
80006ad4   _strchr
80006afc   __register_unlock
80006b08   __register_lock
80006b14   __nop
80006b20   __args_main
80006b40   IND_CALL
80006b60   _strcpy
80006b7c   _strlen
80006b98   _remove
80006b9c   .bss
80006b9c   ___bss__
80006b9c   ___etext__
80006b9c   bss_start
80006b9c   etext
8000b130   __CIOBUF_
8000b250   __ftable
8000b408   __tmpnams
8000b590   __lock
8000b594   __unlock
8000b598   __cleanup_ptr
8000b59c   __dtors_ptr
8000b5ac   _stkchk_called
8000b5b0   __ft_end
8000b5bc   _main_func_sp
8000b5c0   ___end__
8000b5c0   __ctypes_
8000b5c0   bss_end
8000b5c0   end
8000b6c4   _bitval_u32
8000b77c   ___cinit__
8000b77c   cinit
8000b8cc   __sys_memory
8001e000   __stack
80020000   __STACK_END
ffffffff   ___binit__
ffffffff   ___c_args__
ffffffff   ___pinit__
ffffffff   binit
ffffffff   pinit

[193 symbols]
